[backblue.gif]
[fade.gif]
[index.html]
[mybatis.googlecode.com/svn/sub-projects/generator/trunk/eclipse/UpdateSite/artifacts.xml]
[mybatis.googlecode.com/svn/sub-projects/generator/trunk/eclipse/UpdateSite/content.xml]
[mybatis.googlecode.com/svn/sub-projects/generator/trunk/eclipse/UpdateSite/index.html]
[mybatis.googlecode.com/svn/sub-projects/generator/trunk/eclipse/UpdateSite/features/org.mybatis.generator.source_1.3.1.201101032122.jar]
[mybatis.googlecode.com/svn/sub-projects/generator/trunk/eclipse/UpdateSite/features/org.mybatis.generator.source_1.3.2.201207161521.jar]
[mybatis.googlecode.com/svn/sub-projects/generator/trunk/eclipse/UpdateSite/features/org.mybatis.generator_1.3.1.201101032122.jar]
[mybatis.googlecode.com/svn/sub-projects/generator/trunk/eclipse/UpdateSite/features/org.mybatis.generator_1.3.2.201207161521.jar]
[mybatis.googlecode.com/svn/sub-projects/generator/trunk/eclipse/UpdateSite/features/index.html]
[mybatis.googlecode.com/svn/sub-projects/generator/trunk/eclipse/UpdateSite/plugins/org.mybatis.generator.core.source_1.3.1.201101032122.jar]
[mybatis.googlecode.com/svn/sub-projects/generator/trunk/eclipse/UpdateSite/plugins/org.mybatis.generator.core.source_1.3.2.201207161521.jar]
[mybatis.googlecode.com/svn/sub-projects/generator/trunk/eclipse/UpdateSite/plugins/org.mybatis.generator.core_1.3.1.201101032122.jar]
[mybatis.googlecode.com/svn/sub-projects/generator/trunk/eclipse/UpdateSite/plugins/org.mybatis.generator.core_1.3.2.201207161521.jar]
[mybatis.googlecode.com/svn/sub-projects/generator/trunk/eclipse/UpdateSite/plugins/org.mybatis.generator.eclipse.core.source_1.3.1.201101032122.jar]
[mybatis.googlecode.com/svn/sub-projects/generator/trunk/eclipse/UpdateSite/plugins/org.mybatis.generator.eclipse.core.source_1.3.2.201207161521.jar]
[mybatis.googlecode.com/svn/sub-projects/generator/trunk/eclipse/UpdateSite/plugins/org.mybatis.generator.eclipse.core_1.3.1.201101032122.jar]
[mybatis.googlecode.com/svn/sub-projects/generator/trunk/eclipse/UpdateSite/plugins/org.mybatis.generator.eclipse.core_1.3.2.201207161521.jar]
[mybatis.googlecode.com/svn/sub-projects/generator/trunk/eclipse/UpdateSite/plugins/org.mybatis.generator.eclipse.ui.source_1.3.1.201101032122.jar]
[mybatis.googlecode.com/svn/sub-projects/generator/trunk/eclipse/UpdateSite/plugins/org.mybatis.generator.eclipse.ui.source_1.3.2.201207161521.jar]
[mybatis.googlecode.com/svn/sub-projects/generator/trunk/eclipse/UpdateSite/plugins/org.mybatis.generator.eclipse.doc_1.3.1.201101032122.jar]
[mybatis.googlecode.com/svn/sub-projects/generator/trunk/eclipse/UpdateSite/plugins/org.mybatis.generator.eclipse.ui_1.3.1.201101032122.jar]
[mybatis.googlecode.com/svn/sub-projects/generator/trunk/eclipse/UpdateSite/plugins/org.mybatis.generator.eclipse.ui_1.3.2.201207161521.jar]
[mybatis.googlecode.com/svn/sub-projects/generator/trunk/eclipse/UpdateSite/plugins/org.mybatis.generator.eclipse.doc_1.3.2.201207161521.jar]
[mybatis.googlecode.com/svn/sub-projects/generator/trunk/eclipse/UpdateSite/plugins/index.html]
